MAP/SAFE-exbench/SVCOMP13-loops-terminator_03_safe.tmp.c:42: Warning: Body of function main falls-through. Adding a return statement
