MAP/SAFE-exbench/SVCOMP13-loops-trex04_safe.tmp.c:57: Warning: Body of function main falls-through. Adding a return statement
