MAP/UNSAFE-exbench/TRACER-testfunc12-unsafe.tmp.c:37: Warning: Body of function main falls-through. Adding a return statement
