MAP/SAFE-exbench/TRACER-testloop28.tmp.c:26: Warning: Body of function main falls-through. Adding a return statement
