MAP/SAFE-exbench/TRACER-testfunc14.tmp.c:46: Warning: Body of function main falls-through. Adding a return statement
