MAP/SAFE-exbench/TRACER-testabs7.tmp.c:45: Warning: Body of function main falls-through. Adding a return statement
