! Syntax error in read/1
! operator expected after expression
! in line 16
! C2 , D2 , E2 , F2 , G2 , H2 , I2 , J2 , K2 , L2 , M2 , N2 , O2 , P2 , Q2 , R2 , S2 , T2 , U2 , V2 , W2 , X2 , Y2 , Z2 , A3 , B3 , C3 , D3 , E3 , F3 , M3 , H3 , I3 , J3 
! <<here>>
! ) . 
