[MAPSystem] ERROR: Cannot find new7(_20333,_20335) in pred_smtvars_types
