! Syntax error in read/1
! , cannot start an expression
! in line 31
! <<here>>
! , R2 , S2 ) :- T2 = U2 , T2 = E , U2 = 1 , new651 ( A , B , C , D , E , F , G , H , I , J , K , L , M , N , O , P , Q , R , S , T , U , V , W , X , Y , Z , A1 , B1 , C1 , D1 , E1 , F1 , G1 , H1 , I1 , J1 , K1 , L1 , M1 , N1 , O1 , P1 , Q1 , R1 , S1 , T1 , U1 , V1 , W1 , X1 , Y1 , Z1 , A2 , B2 , C2 , D2 , E2 , F2 , G2 , H2 , I2 , J2 , K2 , L2 , M2 , N2 , O2 , P2 , Q2 , R2 , S2 ) . 
