MAP/SAFE-exbench/INVGEN-MADWiFi-encode_ie_ok.tmp.c:65: Warning: Body of function main falls-through. Adding a return statement
