MAP/SAFE-exbench/INVGEN-rajamani_1.tmp.c:39: Warning: Body of function main falls-through. Adding a return statement
