MAP/SAFE-exbench/INVGEN-mergesort.tmp.c:38: Warning: Body of function main falls-through. Adding a return statement
