MAP/SAFE-exbench/INVGEN-seq-sim.tmp.c:46: Warning: Return statement with a value in function returning void
