MAP/SAFE-exbench/INVGEN-seq3.tmp.c:47: Warning: Return statement with a value in function returning void
