MAP/SAFE-exbench/INVGEN-seq-z3.tmp.c:46: Warning: Return statement with a value in function returning void
