MAP/SAFE-exbench/SVCOMP13-loops-trex02_safe.tmp.c:42: Warning: Body of function main falls-through. Adding a return statement
