MAP/SAFE-exbench/SVCOMP13-loops-sum01_safe.tmp.c:34: Warning: Body of function main falls-through. Adding a return statement
