MAP/UNSAFE-exbench/SVCOMP13-loops-sum01_bug02_sum01_bug02_basease_unsafe.c.tmp.c:35: Warning: Body of function main falls-through. Adding a return statement
