MAP/UNSAFE-exbench/SVCOMP13-loops-trex02_unsafe.tmp.c:42: Warning: Body of function main falls-through. Adding a return statement
