MAP/UNSAFE-exbench/SVCOMP13-loops-sum01_unsafe.tmp.c:35: Warning: Body of function main falls-through. Adding a return statement
