MAP/UNSAFE-exbench/SVCOMP13-loops-terminator_03_unsafe.tmp.c:40: Warning: Body of function main falls-through. Adding a return statement
