MAP/UNSAFE-exbench/SVCOMP13-loops-terminator_02_unsafe.tmp.c:49: Warning: Body of function main falls-through. Adding a return statement
