MAP/SAFE-exbench/SVCOMP13-loops-sum04_safe.tmp.c:32: Warning: Body of function main falls-through. Adding a return statement
