MAP/SAFE-exbench/TRACER-testwp11.tmp.c:40: Warning: Body of function main falls-through. Adding a return statement
