MAP/SAFE-exbench/TRACER-testwp10.tmp.c:58: Warning: Body of function main falls-through. Adding a return statement
