MAP/SAFE-exbench/TRACER-testabs8.tmp.c:43: Warning: Body of function main falls-through. Adding a return statement
