MAP/SAFE-exbench/TRACER-testwp7.tmp.c:72: Warning: Body of function main falls-through. Adding a return statement
