MAP/SAFE-exbench/TRACER-testabs12.tmp.c:30: Warning: Body of function main falls-through. Adding a return statement
