MAP/SAFE-exbench/TRACER-testwp17.tmp.c:37: Warning: Body of function main falls-through. Adding a return statement
