MAP/SAFE-exbench/TRACER-testfunc11.tmp.c:35: Warning: Body of function main falls-through. Adding a return statement
