MAP/SAFE-exbench/TRACER-testwp1.tmp.c:37: Warning: Body of function main falls-through. Adding a return statement
