MAP/SAFE-exbench/TRACER-testabs13.tmp.c:35: Warning: Body of function main falls-through. Adding a return statement
