MAP/SAFE-exbench/TRACER-testwp15.tmp.c:51: Warning: Body of function main falls-through. Adding a return statement
