MAP/SAFE-exbench/WHALE-ddd1.tmp.c:631: Warning: Body of function test1 falls-through. Adding a return statement
