MAP/UNSAFE-exbench/WHALE-ddd1err.tmp.c:632: Warning: Body of function test1 falls-through. Adding a return statement
