MAP/UNSAFE-exbench/SVCOMP13-loops-sum01_bug02_unsafe.tmp.c:36: Warning: Body of function main falls-through. Adding a return statement
