MAP/UNSAFE-exbench/SVCOMP13-loops-count_up_down_unsafe.tmp.c:38: Warning: Body of function main falls-through. Adding a return statement
