MAP/SAFE-exbench/TRACER-testwp2.tmp.c:41: Warning: Body of function main falls-through. Adding a return statement
