MAP/SAFE-exbench/TRACER-testwp16.tmp.c:41: Warning: Body of function main falls-through. Adding a return statement
