MAP/SAFE-exbench/TRACER-testwp14.tmp.c:33: Warning: Body of function main falls-through. Adding a return statement
