MAP/SAFE-exbench/TRACER-testloop9.tmp.c:47: Warning: Body of function main falls-through. Adding a return statement
