MAP/SAFE-exbench/WHALE-ddd2.tmp.c:668: Warning: Body of function test1 falls-through. Adding a return statement
