MAP/SAFE-exbench/SVCOMP13-loops-terminator_02_safe.tmp.c:51: Warning: Body of function main falls-through. Adding a return statement
