MAP/UNSAFE-exbench/SVCOMP13-loops-sum04_unsafe.tmp.c:33: Warning: Body of function main falls-through. Adding a return statement
