MAP/SAFE-exbench/TRACER-testabs14.tmp.c:39: Warning: Body of function main falls-through. Adding a return statement
