MAP/UNSAFE-exbench/TRACER-testfunc13-unsafe.tmp.c:42: Warning: Body of function main falls-through. Adding a return statement
