MAP/SAFE-exbench/TRACER-testloop27.tmp.c:34: Warning: Body of function main falls-through. Adding a return statement
