MAP/SAFE-exbench/TRACER-testabs15.tmp.c:32: Warning: Body of function main falls-through. Adding a return statement
